// Jest Snapshot v1, https://goo.gl/fbAQLP

exports[`Layout test Layout should match snapshot 1`] = `
<Fragment>
  <WithStyles(CssBaseline) />
  <Navbar />
  <div
    style={
      Object {
        "marginBottom": "50px",
      }
    }
  />
</Fragment>
`;
